[Bake My Dream] Fullstack Server running at http://0.0.0.0:3000
